 
2-species diurnal advection-diffusion problem

t = 7.20e+03   no. steps = 78   stepsize = 7.95e+02
c1 (bot.left/middle/top rt.) =    1.046e+04     2.962e+04     1.118e+04
c2 (bot.left/middle/top rt.) =    2.527e+11     7.154e+11     2.700e+11

t = 1.44e+04   no. steps = 89   stepsize = 7.49e+02
c1 (bot.left/middle/top rt.) =    6.659e+06     5.316e+06     7.301e+06
c2 (bot.left/middle/top rt.) =    2.582e+11     2.057e+11     2.833e+11

t = 2.16e+04   no. steps = 110   stepsize = 8.43e+02
c1 (bot.left/middle/top rt.) =    2.665e+07     1.037e+07     2.931e+07
c2 (bot.left/middle/top rt.) =    2.993e+11     1.028e+11     3.313e+11

t = 2.88e+04   no. steps = 120   stepsize = 4.49e+02
c1 (bot.left/middle/top rt.) =    8.702e+06     1.292e+07     9.650e+06
c2 (bot.left/middle/top rt.) =    3.380e+11     5.029e+11     3.751e+11

t = 3.60e+04   no. steps = 131   stepsize = 1.84e+02
c1 (bot.left/middle/top rt.) =    1.404e+04     2.029e+04     1.561e+04
c2 (bot.left/middle/top rt.) =    3.387e+11     4.894e+11     3.765e+11

t = 4.32e+04   no. steps = 181   stepsize = 9.27e+02
c1 (bot.left/middle/top rt.) =    6.613e-13     3.646e-09    -9.785e-12
c2 (bot.left/middle/top rt.) =    3.382e+11     1.355e+11     3.804e+11

t = 5.04e+04   no. steps = 192   stepsize = 8.44e+02
c1 (bot.left/middle/top rt.) =   -1.012e-12    -1.251e-09    -2.298e-12
c2 (bot.left/middle/top rt.) =    3.358e+11     4.930e+11     3.864e+11

t = 5.76e+04   no. steps = 203   stepsize = 3.47e+02
c1 (bot.left/middle/top rt.) =    2.902e-13    -7.145e-10    -8.313e-13
c2 (bot.left/middle/top rt.) =    3.320e+11     9.650e+11     3.909e+11

t = 6.48e+04   no. steps = 211   stepsize = 8.66e+02
c1 (bot.left/middle/top rt.) =   -2.516e-12     1.717e-09    -1.656e-11
c2 (bot.left/middle/top rt.) =    3.313e+11     8.922e+11     3.963e+11

t = 7.20e+04   no. steps = 219   stepsize = 9.81e+02
c1 (bot.left/middle/top rt.) =   -1.910e-11     4.027e-10     4.276e-12
c2 (bot.left/middle/top rt.) =    3.330e+11     6.186e+11     4.039e+11

t = 7.92e+04   no. steps = 226   stepsize = 9.81e+02
c1 (bot.left/middle/top rt.) =    1.212e-11     1.040e-09    -5.432e-12
c2 (bot.left/middle/top rt.) =    3.334e+11     6.669e+11     4.120e+11

t = 8.64e+04   no. steps = 233   stepsize = 1.10e+03
c1 (bot.left/middle/top rt.) =    2.674e-12    -1.819e-10    -5.191e-12
c2 (bot.left/middle/top rt.) =    3.352e+11     9.106e+11     4.163e+11


Final Statistics.. 

nst     =   233
nfe     =  1257     nfeLS   =     0
nni     =   340     nsli    =  1851
nli     =   430     njtv    =  5983
nsetups =    92     netf    =    21
npe     =     5     nps     =  6239
ncfn    =     0     ncfl    =     0

