
Robertson ODE test problem:
    initial conditions:  u0 = 1,  v0 = 0,  w0 = 0
        t           u           v           w
   --------------------------------------------------
   0.000e+00   1.00000e+00   0.00000e+00   0.00000e+00
   1.000e+09   2.08307e-06   8.33231e-12   9.99998e-01
   2.000e+09   1.04157e-06   4.16628e-12   9.99999e-01
   3.000e+09   6.94418e-07   2.77767e-12   9.99999e-01
   4.000e+09   5.20797e-07   2.08319e-12   9.99999e-01
   5.000e+09   4.16624e-07   1.66650e-12   1.00000e+00
   6.000e+09   3.47180e-07   1.38872e-12   1.00000e+00
   7.000e+09   2.97590e-07   1.19036e-12   1.00000e+00
   8.000e+09   2.60401e-07   1.04161e-12   1.00000e+00
   9.000e+09   2.31455e-07   9.25822e-13   1.00000e+00
   1.000e+10   2.08319e-07   8.33275e-13   1.00000e+00
   1.100e+10   1.89380e-07   7.57518e-13   1.00000e+00
   1.200e+10   1.73602e-07   6.94408e-13   1.00000e+00
   1.300e+10   1.60241e-07   6.40963e-13   1.00000e+00
   1.400e+10   1.48804e-07   5.95215e-13   1.00000e+00
   1.500e+10   1.38879e-07   5.55515e-13   1.00000e+00
   1.600e+10   1.30193e-07   5.20773e-13   1.00000e+00
   1.700e+10   1.22540e-07   4.90159e-13   1.00000e+00
   1.800e+10   1.15738e-07   4.62952e-13   1.00000e+00
   1.900e+10   1.09640e-07   4.38559e-13   1.00000e+00
   2.000e+10   1.04155e-07   4.16621e-13   1.00000e+00
   2.100e+10   9.91981e-08   3.96793e-13   1.00000e+00
   2.200e+10   9.46954e-08   3.78781e-13   1.00000e+00
   2.300e+10   9.05759e-08   3.62304e-13   1.00000e+00
   2.400e+10   8.67963e-08   3.47185e-13   1.00000e+00
   2.500e+10   8.33224e-08   3.33290e-13   1.00000e+00
   2.600e+10   8.01199e-08   3.20479e-13   1.00000e+00
   2.700e+10   7.71543e-08   3.08617e-13   1.00000e+00
   2.800e+10   7.44036e-08   2.97614e-13   1.00000e+00
   2.900e+10   7.18361e-08   2.87344e-13   1.00000e+00
   3.000e+10   6.94382e-08   2.77753e-13   1.00000e+00
   3.100e+10   6.71961e-08   2.68785e-13   1.00000e+00
   3.200e+10   6.50963e-08   2.60385e-13   1.00000e+00
   3.300e+10   6.31250e-08   2.52500e-13   1.00000e+00
   3.400e+10   6.12685e-08   2.45074e-13   1.00000e+00
   3.500e+10   5.95225e-08   2.38090e-13   1.00000e+00
   3.600e+10   5.78691e-08   2.31476e-13   1.00000e+00
   3.700e+10   5.63029e-08   2.25212e-13   1.00000e+00
   3.800e+10   5.48187e-08   2.19275e-13   1.00000e+00
   3.900e+10   5.34112e-08   2.13645e-13   1.00000e+00
   4.000e+10   5.20753e-08   2.08301e-13   1.00000e+00
   4.100e+10   5.08056e-08   2.03223e-13   1.00000e+00
   4.200e+10   4.95971e-08   1.98388e-13   1.00000e+00
   4.300e+10   4.84445e-08   1.93778e-13   1.00000e+00
   4.400e+10   4.73450e-08   1.89380e-13   1.00000e+00
   4.500e+10   4.62953e-08   1.85181e-13   1.00000e+00
   4.600e+10   4.52891e-08   1.81156e-13   1.00000e+00
   4.700e+10   4.43243e-08   1.77297e-13   1.00000e+00
   4.800e+10   4.33992e-08   1.73597e-13   1.00000e+00
   4.900e+10   4.25118e-08   1.70047e-13   1.00000e+00
   5.000e+10   4.16603e-08   1.66641e-13   1.00000e+00
   5.100e+10   4.08427e-08   1.63371e-13   1.00000e+00
   5.200e+10   4.00573e-08   1.60229e-13   1.00000e+00
   5.300e+10   3.93020e-08   1.57208e-13   1.00000e+00
   5.400e+10   3.85751e-08   1.54300e-13   1.00000e+00
   5.500e+10   3.78746e-08   1.51498e-13   1.00000e+00
   5.600e+10   3.71987e-08   1.48795e-13   1.00000e+00
   5.700e+10   3.65471e-08   1.46189e-13   1.00000e+00
   5.800e+10   3.59175e-08   1.43670e-13   1.00000e+00
   5.900e+10   3.53086e-08   1.41234e-13   1.00000e+00
   6.000e+10   3.47196e-08   1.38879e-13   1.00000e+00
   6.100e+10   3.41499e-08   1.36600e-13   1.00000e+00
   6.200e+10   3.35986e-08   1.34394e-13   1.00000e+00
   6.300e+10   3.30650e-08   1.32260e-13   1.00000e+00
   6.400e+10   3.25482e-08   1.30193e-13   1.00000e+00
   6.500e+10   3.20475e-08   1.28190e-13   1.00000e+00
   6.600e+10   3.15622e-08   1.26249e-13   1.00000e+00
   6.700e+10   3.10913e-08   1.24365e-13   1.00000e+00
   6.800e+10   3.06342e-08   1.22537e-13   1.00000e+00
   6.900e+10   3.01908e-08   1.20763e-13   1.00000e+00
   7.000e+10   2.97614e-08   1.19045e-13   1.00000e+00
   7.100e+10   2.93431e-08   1.17373e-13   1.00000e+00
   7.200e+10   2.89359e-08   1.15743e-13   1.00000e+00
   7.300e+10   2.85393e-08   1.14157e-13   1.00000e+00
   7.400e+10   2.81531e-08   1.12612e-13   1.00000e+00
   7.500e+10   2.77769e-08   1.11108e-13   1.00000e+00
   7.600e+10   2.74106e-08   1.09642e-13   1.00000e+00
   7.700e+10   2.70537e-08   1.08215e-13   1.00000e+00
   7.800e+10   2.67061e-08   1.06824e-13   1.00000e+00
   7.900e+10   2.63674e-08   1.05470e-13   1.00000e+00
   8.000e+10   2.60373e-08   1.04149e-13   1.00000e+00
   8.100e+10   2.57155e-08   1.02862e-13   1.00000e+00
   8.200e+10   2.54018e-08   1.01607e-13   1.00000e+00
   8.300e+10   2.50958e-08   1.00383e-13   1.00000e+00
   8.400e+10   2.47972e-08   9.91889e-14   1.00000e+00
   8.500e+10   2.45058e-08   9.80234e-14   1.00000e+00
   8.600e+10   2.42213e-08   9.68853e-14   1.00000e+00
   8.700e+10   2.39434e-08   9.57735e-14   1.00000e+00
   8.800e+10   2.36717e-08   9.46868e-14   1.00000e+00
   8.900e+10   2.34060e-08   9.36240e-14   1.00000e+00
   9.000e+10   2.31460e-08   9.25840e-14   1.00000e+00
   9.100e+10   2.28930e-08   9.15721e-14   1.00000e+00
   9.200e+10   2.26452e-08   9.05807e-14   1.00000e+00
   9.300e+10   2.24023e-08   8.96091e-14   1.00000e+00
   9.400e+10   2.21642e-08   8.86570e-14   1.00000e+00
   9.500e+10   2.19309e-08   8.77238e-14   1.00000e+00
   9.600e+10   2.17023e-08   8.68092e-14   1.00000e+00
   9.700e+10   2.14782e-08   8.59129e-14   1.00000e+00
   9.800e+10   2.12586e-08   8.50344e-14   1.00000e+00
   9.900e+10   2.10433e-08   8.41734e-14   1.00000e+00
   1.000e+11   2.08323e-08   8.33294e-14   1.00000e+00
   --------------------------------------------------

Final Statistics:
Current time                  = 120127555414.839
Steps                         = 141
Step attempts                 = 145
Stability limited steps       = 0
Accuracy limited steps        = 145
Error test fails              = 4
NLS step fails                = 0
Initial step size             = 7.45058059692383e-08
Last step size                = 30065564146.2877
Current step size             = 46194737212.3692
Stages                        = 3
Method order                  = 5
RHS fn evals                  = 1500
NLS iters                     = 453
NLS fails                     = 15
NLS iters per step            = 3.21276595744681
LS setups                     = 119
Jac fn evals                  = 16
LS RHS fn evals               = 0
Prec setup evals              = 0
Prec solves                   = 0
Block LS solves               = 5881
Block LS iters                = 0
Block LS fails                = 0
Stage LS iters                = 1912
Stage LS fails                = 0
Jac-times setups              = 0
Jac-times evals               = 0
Stage LS iters per NLS iter   = 4.22075055187638
Jac evals per NLS iter        = 0.0353200883002208
Prec evals per NLS iter       = 0
